I'm sorry, but errors were detected in your script. Please correct the
errors listed below, and try again.


File "game/script.rpy", line 216: reached end of line when expecting ':'.
    if time_countdown_left is not None
                                      ^

Ren'Py Version: Ren'Py 8.4.0.25071206
Thu Jul 31 11:16:52 2025
